Python

c++

c

1
15
16
17
18
19
2
10
c++
NegativePoints
NegativePoints
NegativePoints
19
20
NegativePoints
NegativePoints
NegativePoints
NegativePoints
Python

c++

