printAllAboveSalary output: 
John Williams
Salary: 10000 Score: 25
Lionel Smith
Salary: 10000 Score: 10
Mohamad Masarwa
Salary: 20000
printAllEmployeesWithSkill output
John Williams
Salary: 10000 Score: 25
Alex Martinez
Salary: 0 Score: 10
Lionel Smith
Salary: 10000 Score: 10
printAllAboveSalary output: 
printAllEmployeesWithSkill output
John Williams
Salary: 0 Score: 25
Alex Martinez
Salary: 0 Score: 10
Lionel Smith
Salary: 0 Score: 10
EmployeeDoesNotExist
EmployeeDoesNotExist
EmployeeDoesNotExist
CitizenAlreadyExists
CitizenAlreadyExists
FacultyAlreadyExists
WorkplaceAlreadyExists
EmployeeDoesNotExist
FacultyDoesNotExist
WorkplaceDoesNotExist
ManagerDoesNotExist
EmployeeDoesNotExist
WorkplaceDoesNotExist
ManagerDoesNotExist
EmployeeDoesNotExist
ManagerDoesNotExist
WorkplaceDoesNotExist
ManagerDoesNotExist
WorkplaceDoesNotExist
CitizenAlreadyExists
CitizenAlreadyExists
EmployeeDoesNotExist
ManagerDoesNotExist
WorkplaceDoesNotExist
EmployeeDoesNotExist
John Williams
Salary: 0 Score: 25
Alex Martinez
Salary: 0 Score: 10
Lionel Smith
Salary: 0 Score: 10
Mohamad Masarwa
Salary: 0
Mohamad Masarwa
Salary: 20000
John Williams
Salary: 10000 Score: 25
Alex Martinez
Salary: 10000 Score: 10
Lionel Smith
Salary: 10000 Score: 10
Mohamad Masarwa
Salary: 20000
moshe moshe
Salary: 20000
