EmployeeIsNotHired
EmployeeAlreadyHired
Short Print
Robert stark
Salary: 0
Long Print
Robert stark
id - 1 birth_year - 1980
Salary: 0
Employees: 
John Williams
Salary: 0 Score: 0
Alex Martinez
Salary: 0 Score: 0
Short Print after clone
Robert stark
Salary: 0
Long Print after clone
Robert stark
id - 1 birth_year - 1980
Salary: 0
Employees: 
John Williams
Salary: 0 Score: 0
Alex Martinez
Salary: 0 Score: 0
EmployeeIsNotHired_after_delete
check_if_the_original_modified
Robert stark
id - 1 birth_year - 1980
Salary: 55
Employees: 
Alex Martinez
Salary: 0 Score: 0
Robert stark
id - 1 birth_year - 1980
Salary: 55
Employees: 
Alex Martinez
Salary: 0 Score: 50
Robert stark
id - 1 birth_year - 1980
Salary: 55
